C:\Users\benja\source\Anti\Sample\src\AgentDesigner.UI\Views\MainView.xaml.cs(50,17): error CS0103: The name '_isCreatingConnection' does not exist in the current context [C:\Users\benja\source\Anti\Sample\src\AgentDesigner.UI\AgentDesigner.UI.csproj]
C:\Users\benja\source\Anti\Sample\src\AgentDesigner.UI\Views\MainView.xaml.cs(96,13): error CS0103: The name '_isCreatingConnection' does not exist in the current context [C:\Users\benja\source\Anti\Sample\src\AgentDesigner.UI\AgentDesigner.UI.csproj]
C:\Users\benja\source\Anti\Sample\src\AgentDesigner.UI\Views\MainView.xaml.cs(129,13): error CS0103: The name '_isCreatingConnection' does not exist in the current context [C:\Users\benja\source\Anti\Sample\src\AgentDesigner.UI\AgentDesigner.UI.csproj]
C:\Users\benja\source\Anti\Sample\src\AgentDesigner.UI\Views\MainView.xaml.cs(151,9): error CS0103: The name '_isCreatingConnection' does not exist in the current context [C:\Users\benja\source\Anti\Sample\src\AgentDesigner.UI\AgentDesigner.UI.csproj]

Build FAILED.
    6 Warning(s)
    4 Error(s)

Time Elapsed 00:00:09.52

Workload updates are available. Run `dotnet workload list` for more information.
